[27Mar2026 16:40:37.693] [main/INFO] [net.neoforged.fml.startup.Entrypoint/]: JVM Uptime at startup: 88ms
[27Mar2026 16:40:37.699] [main/INFO] [net.neoforged.fml.loading.FMLLoader/]: Starting FancyModLoader version 11.0.3 (CLIENT in DEV)
[27Mar2026 16:40:37.699] [main/INFO] [net.neoforged.fml.loading.FMLLoader/]: Game directory: C:\Users\bryce\Development\Minecraft\Workspaces\item-tooltips\neoforge\runs\client
[27Mar2026 16:40:37.740] [main/INFO] [net.neoforged.fml.loading.EarlyServiceDiscovery/]: Found 2 early service jars (out of 109) in 19ms
[27Mar2026 16:40:37.740] [main/INFO] [net.neoforged.fml.loading.FMLLoader/]: Loading FML Early Services:
[27Mar2026 16:40:37.740] [main/INFO] [net.neoforged.fml.loading.FMLLoader/]:  - C:/Users/bryce/.gradle/caches/modules-2/files-2.1/net.neoforged.fancymodloader/loader/11.0.3/3f76babf6fa2bbeb3c8390ce0aad2f44f53cbe47/loader-11.0.3.jar
[27Mar2026 16:40:37.741] [main/INFO] [net.neoforged.fml.loading.FMLLoader/]:  - C:/Users/bryce/.gradle/caches/modules-2/files-2.1/net.neoforged.fancymodloader/earlydisplay/11.0.3/8c620a52ec9cd3296b13a453d6229ac2617a9a5e/earlydisplay-11.0.3.jar
[27Mar2026 16:40:37.743] [main/INFO] [net.neoforged.fml.loading.ImmediateWindowHandler/]: Loading ImmediateWindowProvider fmlearlywindow
[27Mar2026 16:40:38.109] [ForkJoinPool.commonPool-worker-29/INFO] [net.neoforged.fml.loading.moddiscovery.locators.GameLocator/]: Detected a joined NeoForge and Minecraft configuration. Applying filtering...
[27Mar2026 16:40:38.150] [ForkJoinPool.commonPool-worker-29/INFO] [net.neoforged.fml.loading.moddiscovery.locators.InDevFolderLocator/CORE]: Got mod coordinates item_tooltips%%C:\Users\bryce\Development\Minecraft\Workspaces\item-tooltips\neoforge\build\classes\java\main;item_tooltips%%C:\Users\bryce\Development\Minecraft\Workspaces\item-tooltips\neoforge\build\resources\main from env
[27Mar2026 16:40:38.156] [fml-loadingscreen/INFO] [net.neoforged.fml.earlydisplay.render.LoadingScreenRenderer/]: GL info: NVIDIA GeForce RTX 5090/PCIe/SSE2 GL version 3.3.0 NVIDIA 595.97, NVIDIA Corporation
[27Mar2026 16:40:38.226] [ForkJoinPool.commonPool-worker-29/INFO] [net.neoforged.fml.loading.moddiscovery.locators.JarInJarDependencyLocator/]: Found 2 dependencies adding them to mods collection
[27Mar2026 16:40:38.227] [ForkJoinPool.commonPool-worker-29/INFO] [net.neoforged.fml.loading.moddiscovery.ModDiscoverer/]: 
     Mod List:
		Name Version (Mod Id)

		Cloth Config v26.1 API 26.1.154 (cloth_config)
		Item Tooltips 26.1-r1.0-neoforge (item_tooltips)
		Minecraft 26.1 (minecraft)
		NeoForge 26.1.0.1-beta (neoforge)
		Unified API 26.1-b2.0-neoforge (unified)
[27Mar2026 16:40:38.401] [main/INFO] [mixin/]: SpongePowered MIXIN Subsystem Version=0.8.7 Source=file:/C:/Users/bryce/.gradle/caches/modules-2/files-2.1/net.fabricmc/sponge-mixin/0.16.5+mixin.0.8.7/80fc3a9f592673cea87f4cd702f87991c6c9fe4d/sponge-mixin-0.16.5+mixin.0.8.7.jar Service=FML Env=CLIENT
[27Mar2026 16:40:38.413] [main/INFO] [net.neoforged.fml.loading.FMLLoader/]: Loading FML Plugins:
[27Mar2026 16:40:38.414] [main/INFO] [net.neoforged.fml.loading.FMLLoader/]:  - C:/Users/bryce/.gradle/caches/modules-2/files-2.1/net.neoforged/neoforge/26.1.0.1-beta/ef713b81fdcc723ad4c9d2ac2e7d4173f8dbdbd6/neoforge-26.1.0.1-beta-universal.jar > net.neoforged.neoforge-coremods-26.1.0.1-beta.jar
[27Mar2026 16:40:38.467] [main/INFO] [net.neoforged.fml.loading.FMLLoader/]: Building game content classloader:
 - cloth_config (jar(C:/Users/bryce/.gradle/caches/modules-2/files-2.1/me.shedaniel.cloth/cloth-config-neoforge/26.1.154/1700599980477b0ea72608bfdadee7bdde8b9b75/cloth-config-neoforge-26.1.154.jar))
 - item_tooltips (composite(folder(C:/Users/bryce/Development/Minecraft/Workspaces/item-tooltips/neoforge/build/classes/java/main), folder(C:/Users/bryce/Development/Minecraft/Workspaces/item-tooltips/neoforge/build/resources/main)))
 - minecraft (composite(filtered(jar(C:/Users/bryce/Development/Minecraft/Workspaces/item-tooltips/neoforge/build/moddev/artifacts/minecraft-patched-26.1.0.1-beta.jar)), filtered(jar(C:/Users/bryce/Development/Minecraft/Workspaces/item-tooltips/neoforge/build/moddev/artifacts/minecraft-patched-26.1.0.1-beta.jar))))
 - mixinextras.neoforge (jar(C:/Users/bryce/.gradle/caches/modules-2/files-2.1/net.neoforged/neoforge/26.1.0.1-beta/ef713b81fdcc723ad4c9d2ac2e7d4173f8dbdbd6/neoforge-26.1.0.1-beta-universal.jar > mixinextras-neoforge-0.5.3.jar))
 - neoforge (composite(filtered(jar(C:/Users/bryce/.gradle/caches/modules-2/files-2.1/net.neoforged/neoforge/26.1.0.1-beta/ef713b81fdcc723ad4c9d2ac2e7d4173f8dbdbd6/neoforge-26.1.0.1-beta-universal.jar))))
 - net.neoforged.fml.generated (empty(VirtualJar/net.neoforged.fml.generated))
 - unified (jar(C:/Users/bryce/.gradle/caches/modules-2/files-2.1/maven.modrinth/unified-api/26.1-b2.0-neoforge/bebb9af323fdd9af095f555161b0d4261df2ee44/unified-api-26.1-b2.0-neoforge.jar))
[27Mar2026 16:40:38.475] [main/INFO] [net.neoforged.fml.loading.FMLLoader/]: Built game content classloader in 13ms
[27Mar2026 16:40:38.497] [main/INFO] [mixin/]: Compatibility level set to JAVA_25
[27Mar2026 16:40:38.646] [main/INFO] [MixinExtras|Service/]: Initializing MixinExtras via com.llamalad7.mixinextras.service.MixinExtrasServiceImpl(version=0.5.3).
[27Mar2026 16:40:39.138] [Datafixer Bootstrap/INFO] [com.mojang.datafixers.DataFixerBuilder/]: 294 Datafixer optimizations took 138 milliseconds
[27Mar2026 16:40:41.276] [main/WARN] [net.minecraft.commands.Commands/]: Ambiguity between arguments [teleport, location] and [teleport, destination] with inputs: [0.1 -0.5 .9, 0 0 0]
[27Mar2026 16:40:41.277] [main/WARN] [net.minecraft.commands.Commands/]: Ambiguity between arguments [teleport, location] and [teleport, targets] with inputs: [0.1 -0.5 .9, 0 0 0]
[27Mar2026 16:40:41.279] [main/WARN] [net.minecraft.commands.Commands/]: Ambiguity between arguments [teleport, destination] and [teleport, targets] with inputs: [Player, 0123, @e, dd12be42-52a9-4a91-a8a1-11c01849e498]
[27Mar2026 16:40:41.279] [main/WARN] [net.minecraft.commands.Commands/]: Ambiguity between arguments [teleport, targets] and [teleport, destination] with inputs: [Player, 0123, dd12be42-52a9-4a91-a8a1-11c01849e498]
[27Mar2026 16:40:41.280] [main/WARN] [net.minecraft.commands.Commands/]: Ambiguity between arguments [teleport, targets, location] and [teleport, targets, destination] with inputs: [0.1 -0.5 .9, 0 0 0]
[27Mar2026 16:40:41.281] [main/WARN] [net.minecraft.commands.Commands/]: Ambiguity between arguments [time, set, time] and [time, set, timemarker] with inputs: [0, 0s, 0d, 0t]
[27Mar2026 16:40:41.281] [main/WARN] [net.minecraft.commands.Commands/]: Ambiguity between arguments [time, set, timemarker] and [time, set, time] with inputs: [012]
[27Mar2026 16:40:41.282] [main/WARN] [net.minecraft.commands.Commands/]: Ambiguity between arguments [time, of, clock, set, time] and [time, of, clock, set, timemarker] with inputs: [0, 0s, 0d, 0t]
[27Mar2026 16:40:41.283] [main/WARN] [net.minecraft.commands.Commands/]: Ambiguity between arguments [time, of, clock, set, timemarker] and [time, of, clock, set, time] with inputs: [012]
[27Mar2026 16:40:41.283] [main/WARN] [net.minecraft.commands.Commands/]: Ambiguity between arguments [waypoint, modify, waypoint, color, reset] and [waypoint, modify, waypoint, color, color] with inputs: [reset]
[27Mar2026 16:40:41.322] [modloading-worker-0/INFO] [net.neoforged.neoforge.common.NeoForgeMod/NEOFORGE-MOD]: NeoForge mod loading, version 26.1.0.1-beta, for MC 26.1
[27Mar2026 16:40:41.589] [Render thread/INFO] [com.mojang.authlib.yggdrasil.YggdrasilAuthenticationService/]: Environment: Environment[sessionHost=https://sessionserver.mojang.com, servicesHost=https://api.minecraftservices.com, profilesHost=https://api.mojang.com, name=PROD]
[27Mar2026 16:40:41.600] [Render thread/INFO] [net.minecraft.client.Minecraft/]: Setting user: Dev
[27Mar2026 16:40:41.643] [Render thread/INFO] [net.minecraft.client.Minecraft/]: Backend library: LWJGL version 3.4.1+2
[27Mar2026 16:40:41.745] [Render thread/INFO] [net.minecraft.client.Minecraft/]: Using optional rendering extensions: GL_ARB_buffer_storage, GL_KHR_debug, GL_ARB_vertex_attrib_binding, GL_ARB_direct_state_access, GL_EXT_texture_filter_anisotropic
[27Mar2026 16:40:42.049] [Render thread/INFO] [net.minecraft.server.packs.resources.ReloadableResourceManager/]: Reloading ResourceManager: vanilla, mod_resources, mod/item_tooltips, mod/cloth_config, mod/unified, mod/neoforge
[27Mar2026 16:40:42.082] [resourceLoad/INFO] [net.minecraft.client.gui.font.providers.UnihexProvider/]: Found unifont_all_no_pua-17.0.01.hex, loading
[27Mar2026 16:40:42.083] [resourceLoad/INFO] [net.minecraft.client.gui.font.providers.UnihexProvider/]: Found unifont_pua-17.0.01.hex, loading
[27Mar2026 16:40:42.145] [resourceLoad/INFO] [net.minecraft.client.gui.font.providers.UnihexProvider/]: Found unifont_jp_patch-17.0.01.hex, loading
[27Mar2026 16:40:42.726] [Render thread/WARN] [com.mojang.blaze3d.opengl.GlProgram/]: neoforge:pipeline/item_cutout_unlit shader program does not use sampler Sampler2 defined in the pipeline. This might be a bug.
[27Mar2026 16:40:42.732] [Render thread/WARN] [com.mojang.blaze3d.opengl.GlProgram/]: neoforge:pipeline/item_translucent_unlit shader program does not use sampler Sampler2 defined in the pipeline. This might be a bug.
[27Mar2026 16:40:42.762] [Render thread/INFO] [com.mojang.blaze3d.audio.Library/]: OpenAL initialized on device OpenAL Soft on Speakers (Beoplay Portal Link C)
[27Mar2026 16:40:42.763] [Render thread/INFO] [net.minecraft.client.sounds.SoundEngine/SOUNDS]: Sound engine started
[27Mar2026 16:40:42.763] [Render thread/INFO] [net.minecraft.client.renderer.texture.TextureAtlas/]: Created: 512x256x0 minecraft:textures/atlas/particles.png-atlas
[27Mar2026 16:40:42.774] [Render thread/INFO] [net.minecraft.client.renderer.texture.TextureAtlas/]: Created: 128x128x0 minecraft:textures/atlas/decorated_pot.png-atlas
[27Mar2026 16:40:42.775] [Render thread/INFO] [net.minecraft.client.renderer.texture.TextureAtlas/]: Created: 2048x1024x0 minecraft:textures/atlas/armor_trims.png-atlas
[27Mar2026 16:40:42.786] [Render thread/INFO] [net.minecraft.client.renderer.texture.TextureAtlas/]: Created: 512x256x0 minecraft:textures/atlas/paintings.png-atlas
[27Mar2026 16:40:42.790] [Render thread/INFO] [net.minecraft.client.renderer.texture.TextureAtlas/]: Created: 1024x512x0 minecraft:textures/atlas/shield_patterns.png-atlas
[27Mar2026 16:40:42.791] [Render thread/INFO] [net.minecraft.client.renderer.texture.TextureAtlas/]: Created: 2048x2048x4 minecraft:textures/atlas/blocks.png-atlas
[27Mar2026 16:40:42.833] [Render thread/INFO] [net.minecraft.client.renderer.texture.TextureAtlas/]: Created: 512x512x0 minecraft:textures/atlas/chest.png-atlas
[27Mar2026 16:40:42.836] [Render thread/INFO] [net.minecraft.client.renderer.texture.TextureAtlas/]: Created: 256x128x0 minecraft:textures/atlas/celestials.png-atlas
[27Mar2026 16:40:42.837] [Render thread/INFO] [net.minecraft.client.renderer.texture.TextureAtlas/]: Created: 1024x512x0 minecraft:textures/atlas/banner_patterns.png-atlas
[27Mar2026 16:40:42.838] [Render thread/INFO] [net.minecraft.client.renderer.texture.TextureAtlas/]: Created: 512x512x0 minecraft:textures/atlas/beds.png-atlas
[27Mar2026 16:40:42.839] [Render thread/INFO] [net.minecraft.client.renderer.texture.TextureAtlas/]: Created: 1024x512x0 minecraft:textures/atlas/items.png-atlas
[27Mar2026 16:40:42.845] [Render thread/INFO] [net.minecraft.client.renderer.texture.TextureAtlas/]: Created: 1024x1024x0 minecraft:textures/atlas/gui.png-atlas
[27Mar2026 16:40:42.853] [Render thread/INFO] [net.minecraft.client.renderer.texture.TextureAtlas/]: Created: 128x64x0 minecraft:textures/atlas/map_decorations.png-atlas
[27Mar2026 16:40:42.857] [Render thread/INFO] [net.minecraft.client.renderer.texture.TextureAtlas/]: Created: 512x256x0 minecraft:textures/atlas/signs.png-atlas
[27Mar2026 16:40:42.857] [Render thread/INFO] [net.minecraft.client.renderer.texture.TextureAtlas/]: Created: 512x512x0 minecraft:textures/atlas/shulker_boxes.png-atlas
[27Mar2026 16:40:42.913] [Render thread/INFO] [net.neoforged.neoforge.client.entity.animation.json.AnimationLoader/]: Loaded 0 entity animations
[27Mar2026 16:40:46.231] [Render thread/INFO] [net.minecraft.world.item.crafting.RecipeManager/]: Loaded 1515 recipes
[27Mar2026 16:40:46.237] [Render thread/INFO] [net.minecraft.advancements.AdvancementTree/]: Loaded 1617 advancements
[27Mar2026 16:40:46.239] [Render thread/INFO] [net.neoforged.neoforge.common.crafting.RecipePriorityManager/]: Loaded 0 recipe priority overrides
[27Mar2026 16:40:46.310] [Server thread/INFO] [net.minecraft.client.server.IntegratedServer/]: Starting integrated minecraft server version 26.1
[27Mar2026 16:40:46.311] [Server thread/INFO] [net.minecraft.server.MinecraftServer/]: Generating keypair
[27Mar2026 16:40:46.492] [Server thread/INFO] [net.minecraft.server.level.progress.LoggingLevelLoadListener/]: Loading 0 persistent chunks...
[27Mar2026 16:40:46.504] [Server thread/INFO] [net.minecraft.server.MinecraftServer/]: Saving chunks for level 'ServerLevel[New World]'/minecraft:overworld
[27Mar2026 16:40:46.516] [Server thread/INFO] [net.minecraft.server.MinecraftServer/]: Saving chunks for level 'ServerLevel[New World]'/minecraft:the_end
[27Mar2026 16:40:46.519] [Server thread/INFO] [net.minecraft.server.MinecraftServer/]: Saving chunks for level 'ServerLevel[New World]'/minecraft:the_nether
[27Mar2026 16:40:46.527] [Server thread/INFO] [net.minecraft.server.MinecraftServer/]: ThreadedAnvilChunkStorage (world): All chunks are saved
[27Mar2026 16:40:46.527] [Server thread/INFO] [net.minecraft.server.MinecraftServer/]: ThreadedAnvilChunkStorage (DIM1): All chunks are saved
[27Mar2026 16:40:46.527] [Server thread/INFO] [net.minecraft.server.MinecraftServer/]: ThreadedAnvilChunkStorage (DIM-1): All chunks are saved
[27Mar2026 16:40:46.527] [Server thread/INFO] [net.minecraft.server.MinecraftServer/]: ThreadedAnvilChunkStorage: All dimensions are saved
[27Mar2026 16:40:46.531] [Server thread/INFO] [net.neoforged.neoforge.server.permission.PermissionAPI/]: Successfully initialized permission handler neoforge:default_handler
[27Mar2026 16:40:46.846] [Server thread/INFO] [net.minecraft.server.level.progress.LoggingLevelLoadListener/]: Loading 49 chunks for player spawn...
[27Mar2026 16:40:46.846] [Server thread/INFO] [net.minecraft.server.level.progress.LoggingLevelLoadListener/]: Preparing spawn area: 16%
[27Mar2026 16:40:47.032] [Server thread/INFO] [net.minecraft.server.level.progress.LoggingLevelLoadListener/]: Preparing spawn area: 100%
[27Mar2026 16:40:47.032] [Server thread/INFO] [net.minecraft.server.level.progress.LoggingLevelLoadListener/]: Time elapsed: 540 ms
[27Mar2026 16:40:47.159] [Server thread/INFO] [net.minecraft.server.players.PlayerList/]: Dev[local:E:8476859b] logged in with entity id 43 at (3.264744866062766, 69.17675927506424, 26.604681422187966)
[27Mar2026 16:40:47.186] [Server thread/INFO] [net.minecraft.server.MinecraftServer/]: Dev joined the game
[27Mar2026 16:40:47.249] [Server thread/INFO] [net.minecraft.client.server.IntegratedServer/]: Changing view distance to 16, from 10
[27Mar2026 16:40:47.251] [Server thread/INFO] [net.minecraft.client.server.IntegratedServer/]: Changing simulation distance to 12, from 0
[27Mar2026 16:40:47.255] [Render thread/WARN] [net.minecraft.client.multiplayer.ClientPacketListener/]: Ignoring chat session from Dev due to missing Services public key
[27Mar2026 16:40:47.259] [Render thread/INFO] [net.minecraft.advancements.AdvancementTree/]: Loaded 2 advancements
[27Mar2026 16:40:47.298] [Render thread/INFO] [net.minecraft.client.renderer.DynamicUniformStorage/]: Resizing Dynamic Transforms UBO, capacity limit of 2 reached during a single frame. New capacity will be 4.
[27Mar2026 16:40:47.320] [Render thread/INFO] [net.minecraft.client.renderer.DynamicUniformStorage/]: Resizing Dynamic Transforms UBO, capacity limit of 4 reached during a single frame. New capacity will be 8.
[27Mar2026 16:40:47.465] [Render thread/INFO] [net.minecraft.client.renderer.DynamicUniformStorage/]: Resizing Chunk Sections UBO, capacity limit of 2 reached during a single frame. New capacity will be 8.
[27Mar2026 16:40:47.486] [Render thread/INFO] [net.minecraft.client.renderer.DynamicUniformStorage/]: Resizing Chunk Sections UBO, capacity limit of 8 reached during a single frame. New capacity will be 16.
[27Mar2026 16:40:47.501] [Render thread/INFO] [net.minecraft.client.renderer.DynamicUniformStorage/]: Resizing Dynamic Transforms UBO, capacity limit of 8 reached during a single frame. New capacity will be 16.
[27Mar2026 16:40:47.514] [Render thread/INFO] [net.minecraft.client.renderer.DynamicUniformStorage/]: Resizing Chunk Sections UBO, capacity limit of 16 reached during a single frame. New capacity will be 32.
[27Mar2026 16:40:47.577] [Render thread/INFO] [net.minecraft.client.renderer.DynamicUniformStorage/]: Resizing Chunk Sections UBO, capacity limit of 32 reached during a single frame. New capacity will be 64.
[27Mar2026 16:40:47.692] [Render thread/INFO] [net.minecraft.client.renderer.DynamicUniformStorage/]: Resizing Chunk Sections UBO, capacity limit of 64 reached during a single frame. New capacity will be 128.
[27Mar2026 16:40:47.822] [Render thread/INFO] [net.minecraft.client.renderer.DynamicUniformStorage/]: Resizing Chunk Sections UBO, capacity limit of 128 reached during a single frame. New capacity will be 256.
[27Mar2026 16:40:48.015] [Render thread/INFO] [net.minecraft.client.renderer.DynamicUniformStorage/]: Resizing Chunk Sections UBO, capacity limit of 256 reached during a single frame. New capacity will be 512.
[27Mar2026 16:40:48.634] [Render thread/INFO] [net.minecraft.client.renderer.DynamicUniformStorage/]: Resizing Chunk Sections UBO, capacity limit of 512 reached during a single frame. New capacity will be 1024.
[27Mar2026 16:40:59.982] [Server thread/INFO] [net.minecraft.client.server.IntegratedServer/]: Saving and pausing game...
[27Mar2026 16:40:59.990] [Server thread/INFO] [net.minecraft.server.MinecraftServer/]: Saving chunks for level 'ServerLevel[New World]'/minecraft:overworld
[27Mar2026 16:41:00.003] [Server thread/INFO] [net.minecraft.server.MinecraftServer/]: Saving chunks for level 'ServerLevel[New World]'/minecraft:the_end
[27Mar2026 16:41:00.004] [Server thread/INFO] [net.minecraft.server.MinecraftServer/]: Saving chunks for level 'ServerLevel[New World]'/minecraft:the_nether
[27Mar2026 16:41:00.532] [Server thread/INFO] [net.minecraft.server.MinecraftServer/]: Stopping server
[27Mar2026 16:41:00.532] [Server thread/INFO] [net.minecraft.server.MinecraftServer/]: Saving players
[27Mar2026 16:41:00.538] [Server thread/INFO] [net.minecraft.server.network.ServerGamePacketListenerImpl/]: Dev lost connection: Disconnected
[27Mar2026 16:41:00.538] [Server thread/INFO] [net.minecraft.server.MinecraftServer/]: Dev left the game
[27Mar2026 16:41:00.544] [Server thread/INFO] [net.minecraft.server.network.ServerCommonPacketListenerImpl/]: Stopping singleplayer server as player logged out
[27Mar2026 16:41:00.544] [Server thread/INFO] [net.minecraft.server.MinecraftServer/]: Saving worlds
[27Mar2026 16:41:00.960] [Server thread/INFO] [net.minecraft.server.MinecraftServer/]: Saving chunks for level 'ServerLevel[New World]'/minecraft:overworld
[27Mar2026 16:41:00.999] [Server thread/INFO] [net.minecraft.server.MinecraftServer/]: Saving chunks for level 'ServerLevel[New World]'/minecraft:the_end
[27Mar2026 16:41:01.002] [Server thread/INFO] [net.minecraft.server.MinecraftServer/]: Saving chunks for level 'ServerLevel[New World]'/minecraft:the_nether
[27Mar2026 16:41:01.006] [Server thread/INFO] [net.minecraft.server.MinecraftServer/]: ThreadedAnvilChunkStorage (world): All chunks are saved
[27Mar2026 16:41:01.006] [Server thread/INFO] [net.minecraft.server.MinecraftServer/]: ThreadedAnvilChunkStorage (DIM1): All chunks are saved
[27Mar2026 16:41:01.006] [Server thread/INFO] [net.minecraft.server.MinecraftServer/]: ThreadedAnvilChunkStorage (DIM-1): All chunks are saved
[27Mar2026 16:41:01.006] [Server thread/INFO] [net.minecraft.server.MinecraftServer/]: ThreadedAnvilChunkStorage: All dimensions are saved
[27Mar2026 16:41:01.399] [Render thread/INFO] [net.minecraft.client.Minecraft/]: Stopping!
